I'm sorry, but errors were detected in your script. Please correct the
errors listed below, and try again.


File "game/screens.rpy", line 408: reached end of line when expecting ':'.
    if 
       ^

Ren'Py Version: Ren'Py 7.3.5.606
Mon Jul 13 15:37:01 2020
